PHPUnit 12.1.6 by Sebastian Bergmann and contributors.

Runtime:       PHP 8.3.25
Configuration: /Users/jsadaa/Github/personal/php-core-library/phpunit.xml

...............................................................  63 / 859 (  7%)
............................................................... 126 / 859 ( 14%)
............................................................... 189 / 859 ( 22%)
..............................................E..E....E........ 252 / 859 ( 29%)
........E...................................................... 315 / 859 ( 36%)
............................................................... 378 / 859 ( 44%)
............................................................... 441 / 859 ( 51%)
............................................................... 504 / 859 ( 58%)
............................................................... 567 / 859 ( 66%)
..................................SE..............S............ 630 / 859 ( 73%)
............................................................... 693 / 859 ( 80%)
............................................................... 756 / 859 ( 88%)
............................................................... 819 / 859 ( 95%)
........................................                        859 / 859 (100%)

Time: 00:03.705, Memory: 18.00 MB

There were 5 errors:

1) Jsadaa\PhpCoreLibrary\Tests\Str\Unit\StrAccessTest::testCharsWithUtf8
TypeError: Jsadaa\PhpCoreLibrary\Tests\Str\Unit\StrAccessTest::Jsadaa\PhpCoreLibrary\Tests\Str\Unit\{closure}(): Argument #1 ($char) must be of type Jsadaa\PhpCoreLibrary\Primitives\Str\Str, Jsadaa\PhpCoreLibrary\Primitives\Char\Char given

/Users/jsadaa/Github/personal/php-core-library/src/Modules/Collections/Sequence/Sequence.php:458
/Users/jsadaa/Github/personal/php-core-library/tests/Str/Unit/StrAccessTest.php:147

2) Jsadaa\PhpCoreLibrary\Tests\Str\Unit\StrAccessTest::testCharsWithEmoji
TypeError: Jsadaa\PhpCoreLibrary\Tests\Str\Unit\StrAccessTest::Jsadaa\PhpCoreLibrary\Tests\Str\Unit\{closure}(): Argument #1 ($char) must be of type Jsadaa\PhpCoreLibrary\Primitives\Str\Str, Jsadaa\PhpCoreLibrary\Primitives\Char\Char given

/Users/jsadaa/Github/personal/php-core-library/src/Modules/Collections/Sequence/Sequence.php:458
/Users/jsadaa/Github/personal/php-core-library/tests/Str/Unit/StrAccessTest.php:156

3) Jsadaa\PhpCoreLibrary\Tests\Str\Unit\StrAccessTest::testChars
TypeError: Jsadaa\PhpCoreLibrary\Tests\Str\Unit\StrAccessTest::Jsadaa\PhpCoreLibrary\Tests\Str\Unit\{closure}(): Argument #1 ($char) must be of type Jsadaa\PhpCoreLibrary\Primitives\Str\Str, Jsadaa\PhpCoreLibrary\Primitives\Char\Char given

/Users/jsadaa/Github/personal/php-core-library/src/Modules/Collections/Sequence/Sequence.php:458
/Users/jsadaa/Github/personal/php-core-library/tests/Str/Unit/StrAccessTest.php:138

4) Jsadaa\PhpCoreLibrary\Tests\Str\Unit\StrEdgeCaseTest::testWrapEdgeCases
TypeError: Jsadaa\PhpCoreLibrary\Primitives\Str\Str::Jsadaa\PhpCoreLibrary\Primitives\Str\{closure}(): Argument #1 ($char) must be of type Jsadaa\PhpCoreLibrary\Primitives\Str\Str, Jsadaa\PhpCoreLibrary\Primitives\Char\Char given

/Users/jsadaa/Github/personal/php-core-library/src/Modules/Collections/Sequence/Sequence.php:458
/Users/jsadaa/Github/personal/php-core-library/src/Primitives/Str/Str.php:1388
/Users/jsadaa/Github/personal/php-core-library/src/Primitives/Str/Str.php:742
/Users/jsadaa/Github/personal/php-core-library/tests/Str/Unit/StrEdgeCaseTest.php:155

5) Jsadaa\PhpCoreLibrary\Tests\FileSystem\Unit\DirectoryEntryTest::testGetFileTypeFromDirectoryEntry
Error: Call to undefined method Jsadaa\PhpCoreLibrary\Modules\FileSystem\DirectoryEntry::fileType()

/Users/jsadaa/Github/personal/php-core-library/tests/FileSystem/Unit/DirectoryEntryTest.php:90

ERRORS!
Tests: 859, Assertions: 2279, Errors: 5, Skipped: 2.
